#-----------------------------------------------------------
# Vivado v2019.2 (64-bit)
# SW Build 2708876 on Wed Nov  6 21:40:23 MST 2019
# IP Build 2700528 on Thu Nov  7 00:09:20 MST 2019
# Start of session at: Thu Feb  6 16:23:10 2020
# Process ID: 14716
# Current directory: C:/Users/whc0002/Documents/aes_final
# Command line: vivado.exe -gui_launcher_event rodinguilauncherevent14740 C:\Users\whc0002\Documents\aes_final\aes_final.xpr
# Log file: C:/Users/whc0002/Documents/aes_final/vivado.log
# Journal file: C:/Users/whc0002/Documents/aes_final\vivado.jou
#-----------------------------------------------------------
start_gui
open_project C:/Users/whc0002/Documents/aes_final/aes_final.xpr
update_compile_order -fileset sources_1
reset_run impl_1 -prev_step 
launch_runs impl_1 -to_step write_bitstream -jobs 8
wait_on_run impl_1
reset_run impl_1 -prev_step 
launch_runs impl_1 -to_step write_bitstream -jobs 8
wait_on_run impl_1
open_hw_manager
connect_hw_server -allow_non_jtag
open_hw_target
set_property PROGRAM.FILE {C:/Users/whc0002/Documents/aes_final/aes_final.runs/impl_1/controller.bit} [get_hw_devices xc7a100t_0]
current_hw_device [get_hw_devices xc7a100t_0]
refresh_hw_device -update_hw_probes false [lindex [get_hw_devices xc7a100t_0] 0]
set_property PROBES.FILE {} [get_hw_devices xc7a100t_0]
set_property FULL_PROBES.FILE {} [get_hw_devices xc7a100t_0]
set_property PROGRAM.FILE {C:/Users/whc0002/Documents/aes_final/aes_final.runs/impl_1/controller.bit} [get_hw_devices xc7a100t_0]
program_hw_devices [get_hw_devices xc7a100t_0]
refresh_hw_device [lindex [get_hw_devices xc7a100t_0] 0]
